::1 - - [24/May/2026 19:55:24] "GET / HTTP/1.1" 200 -
::1 - - [24/May/2026 19:55:24] code 404, message File not found
::1 - - [24/May/2026 19:55:24] "GET /static/css/styles.css?v=72 HTTP/1.1" 404 -
::1 - - [24/May/2026 19:55:24] code 404, message File not found
::1 - - [24/May/2026 19:55:24] "GET /static/images/icon-192-v7.png HTTP/1.1" 404 -
::1 - - [24/May/2026 19:55:24] code 404, message File not found
::1 - - [24/May/2026 19:55:24] "GET /static/js/api.js?v=73 HTTP/1.1" 404 -
::1 - - [24/May/2026 19:55:24] code 404, message File not found
::1 - - [24/May/2026 19:55:24] "GET /static/js/charts.js?v=73 HTTP/1.1" 404 -
::1 - - [24/May/2026 19:55:24] code 404, message File not found
::1 - - [24/May/2026 19:55:24] "GET /static/js/app.js?v=73 HTTP/1.1" 404 -
::1 - - [24/May/2026 19:55:24] code 404, message File not found
::1 - - [24/May/2026 19:55:24] "GET /static/manifest.json HTTP/1.1" 404 -
::1 - - [24/May/2026 19:55:24] code 404, message File not found
::1 - - [24/May/2026 19:55:24] "GET /static/images/icon-192-v7.png HTTP/1.1" 404 -
::1 - - [24/May/2026 19:55:25] code 404, message File not found
::1 - - [24/May/2026 19:55:25] "GET /static/images/favicon-32-v7.png HTTP/1.1" 404 -
::1 - - [24/May/2026 19:55:25] code 404, message File not found
::1 - - [24/May/2026 19:55:25] "GET /static/images/favicon-16-v7.png HTTP/1.1" 404 -
::1 - - [24/May/2026 19:55:25] code 404, message File not found
::1 - - [24/May/2026 19:55:25] "GET /static/sw.js HTTP/1.1" 404 -
::1 - - [24/May/2026 19:55:31] "GET / HTTP/1.1" 200 -
::1 - - [24/May/2026 19:55:31] code 404, message File not found
::1 - - [24/May/2026 19:55:31] "GET /static/css/styles.css?v=72 HTTP/1.1" 404 -
::1 - - [24/May/2026 19:55:31] code 404, message File not found
::1 - - [24/May/2026 19:55:31] "GET /static/images/icon-192-v7.png HTTP/1.1" 404 -
::1 - - [24/May/2026 19:55:31] code 404, message File not found
::1 - - [24/May/2026 19:55:31] "GET /static/js/api.js?v=73 HTTP/1.1" 404 -
::1 - - [24/May/2026 19:55:31] code 404, message File not found
::1 - - [24/May/2026 19:55:31] "GET /static/js/charts.js?v=73 HTTP/1.1" 404 -
::1 - - [24/May/2026 19:55:31] code 404, message File not found
::1 - - [24/May/2026 19:55:31] "GET /static/js/app.js?v=73 HTTP/1.1" 404 -
::1 - - [24/May/2026 19:55:31] code 404, message File not found
::1 - - [24/May/2026 19:55:31] "GET /static/manifest.json HTTP/1.1" 404 -
::1 - - [24/May/2026 19:55:31] code 404, message File not found
::1 - - [24/May/2026 19:55:31] "GET /static/sw.js HTTP/1.1" 404 -
::1 - - [24/May/2026 19:55:32] "GET / HTTP/1.1" 200 -
::1 - - [24/May/2026 19:55:32] code 404, message File not found
::1 - - [24/May/2026 19:55:32] "GET /static/css/styles.css?v=72 HTTP/1.1" 404 -
::1 - - [24/May/2026 19:55:32] code 404, message File not found
::1 - - [24/May/2026 19:55:32] "GET /static/images/icon-192-v7.png HTTP/1.1" 404 -
::1 - - [24/May/2026 19:55:32] code 404, message File not found
::1 - - [24/May/2026 19:55:32] "GET /static/js/api.js?v=73 HTTP/1.1" 404 -
::1 - - [24/May/2026 19:55:32] code 404, message File not found
::1 - - [24/May/2026 19:55:32] "GET /static/js/charts.js?v=73 HTTP/1.1" 404 -
::1 - - [24/May/2026 19:55:32] code 404, message File not found
::1 - - [24/May/2026 19:55:32] "GET /static/js/app.js?v=73 HTTP/1.1" 404 -
::1 - - [24/May/2026 19:55:32] code 404, message File not found
::1 - - [24/May/2026 19:55:32] "GET /static/manifest.json HTTP/1.1" 404 -
::1 - - [24/May/2026 19:55:32] code 404, message File not found
::1 - - [24/May/2026 19:55:32] "GET /static/sw.js HTTP/1.1" 404 -
::1 - - [24/May/2026 19:56:53] "HEAD /static/css/styles.css HTTP/1.1" 200 -
::1 - - [24/May/2026 19:57:09] "GET / HTTP/1.1" 200 -
::1 - - [24/May/2026 19:57:09] "GET /static/css/styles.css?v=72 HTTP/1.1" 200 -
::1 - - [24/May/2026 19:57:09] "GET /static/images/icon-192-v7.png HTTP/1.1" 200 -
::1 - - [24/May/2026 19:57:09] "GET /static/js/api.js?v=73 HTTP/1.1" 200 -
::1 - - [24/May/2026 19:57:09] "GET /static/js/charts.js?v=73 HTTP/1.1" 200 -
::1 - - [24/May/2026 19:57:09] "GET /static/js/app.js?v=73 HTTP/1.1" 200 -
::1 - - [24/May/2026 19:57:09] "GET /static/manifest.json HTTP/1.1" 200 -
::1 - - [24/May/2026 19:57:09] code 404, message File not found
::1 - - [24/May/2026 19:57:09] "GET /api/market/overview HTTP/1.1" 404 -
::1 - - [24/May/2026 19:57:09] code 404, message File not found
::1 - - [24/May/2026 19:57:09] "GET /api/screener/segments HTTP/1.1" 404 -
::1 - - [24/May/2026 19:57:09] code 404, message File not found
::1 - - [24/May/2026 19:57:09] "GET /api/market/regime HTTP/1.1" 404 -
::1 - - [24/May/2026 19:57:10] "GET /static/sw.js HTTP/1.1" 200 -
::1 - - [24/May/2026 19:57:10] "GET /static/css/styles.css HTTP/1.1" 200 -
::1 - - [24/May/2026 19:57:10] "GET /static/js/app.js HTTP/1.1" 200 -
::1 - - [24/May/2026 19:57:10] "GET /static/js/api.js HTTP/1.1" 200 -
::1 - - [24/May/2026 19:57:10] code 404, message File not found
::1 - - [24/May/2026 19:57:10] "GET /static/js/charts.js HTTP/1.1" 200 -
::1 - - [24/May/2026 19:57:10] "GET /static/images/icon-192.png HTTP/1.1" 404 -
::1 - - [24/May/2026 19:57:10] code 404, message File not found
::1 - - [24/May/2026 19:57:10] "GET /static/images/icon-512.png HTTP/1.1" 404 -
::1 - - [24/May/2026 19:57:10] code 404, message File not found
::1 - - [24/May/2026 19:57:10] "GET /static/images/apple-touch-icon.png HTTP/1.1" 404 -
::1 - - [24/May/2026 19:57:10] code 404, message File not found
::1 - - [24/May/2026 19:57:10] "GET /static/images/favicon-32.png HTTP/1.1" 404 -
::1 - - [24/May/2026 19:57:22] code 404, message File not found
::1 - - [24/May/2026 19:57:22] "GET /api/arena/status HTTP/1.1" 404 -
::1 - - [24/May/2026 19:57:37] code 404, message File not found
::1 - - [24/May/2026 19:57:37] "GET /api/accuracy/stats HTTP/1.1" 404 -
::1 - - [24/May/2026 19:57:38] code 404, message File not found
::1 - - [24/May/2026 19:57:38] "GET /api/signals HTTP/1.1" 404 -
::1 - - [24/May/2026 19:57:40] code 404, message File not found
::1 - - [24/May/2026 19:57:40] "GET /api/portfolio HTTP/1.1" 404 -
::1 - - [24/May/2026 19:57:40] code 404, message File not found
::1 - - [24/May/2026 19:57:40] "GET /api/market/overview HTTP/1.1" 404 -
::1 - - [24/May/2026 19:57:43] code 404, message File not found
::1 - - [24/May/2026 19:57:43] "GET /api/market/overview HTTP/1.1" 404 -
::1 - - [24/May/2026 20:07:52] code 404, message File not found
::1 - - [24/May/2026 20:07:52] "GET /api/market/regime HTTP/1.1" 404 -
::1 - - [24/May/2026 20:12:52] code 404, message File not found
::1 - - [24/May/2026 20:12:52] "GET /api/market/regime HTTP/1.1" 404 -
::1 - - [24/May/2026 20:13:18] code 404, message File not found
::1 - - [24/May/2026 20:13:18] "GET /api/market/regime HTTP/1.1" 404 -
::1 - - [24/May/2026 20:18:18] code 404, message File not found
::1 - - [24/May/2026 20:18:18] "GET /api/market/regime HTTP/1.1" 404 -
::1 - - [24/May/2026 20:23:18] code 404, message File not found
::1 - - [24/May/2026 20:23:18] "GET /api/market/regime HTTP/1.1" 404 -
::1 - - [24/May/2026 20:28:18] code 404, message File not found
::1 - - [24/May/2026 20:28:18] "GET /api/market/regime HTTP/1.1" 404 -
::1 - - [24/May/2026 20:37:53] code 404, message File not found
::1 - - [24/May/2026 20:37:53] "GET /api/market/regime HTTP/1.1" 404 -
::1 - - [24/May/2026 20:46:53] code 404, message File not found
::1 - - [24/May/2026 20:46:53] "GET /api/market/regime HTTP/1.1" 404 -
::1 - - [24/May/2026 20:55:53] code 404, message File not found
::1 - - [24/May/2026 20:55:53] "GET /api/market/regime HTTP/1.1" 404 -
::1 - - [24/May/2026 21:02:09] code 404, message File not found
::1 - - [24/May/2026 21:02:09] "GET /api/market/regime HTTP/1.1" 404 -
::1 - - [24/May/2026 21:11:47] code 404, message File not found
::1 - - [24/May/2026 21:11:47] "GET /api/market/regime HTTP/1.1" 404 -
::1 - - [24/May/2026 21:21:27] code 404, message File not found
::1 - - [24/May/2026 21:21:27] "GET /api/market/regime HTTP/1.1" 404 -
::1 - - [24/May/2026 21:31:07] code 404, message File not found
::1 - - [24/May/2026 21:31:07] "GET /api/market/regime HTTP/1.1" 404 -
::1 - - [24/May/2026 21:38:44] code 404, message File not found
::1 - - [24/May/2026 21:38:44] "GET /api/market/regime HTTP/1.1" 404 -
::1 - - [24/May/2026 21:48:44] code 404, message File not found
::1 - - [24/May/2026 21:48:44] "GET /api/market/regime HTTP/1.1" 404 -
::1 - - [24/May/2026 21:56:16] code 404, message File not found
::1 - - [24/May/2026 21:56:16] "GET /api/market/regime HTTP/1.1" 404 -
::1 - - [24/May/2026 22:04:56] code 404, message File not found
::1 - - [24/May/2026 22:04:56] "GET /api/market/regime HTTP/1.1" 404 -
::1 - - [24/May/2026 22:13:36] code 404, message File not found
::1 - - [24/May/2026 22:13:36] "GET /api/market/regime HTTP/1.1" 404 -
::1 - - [24/May/2026 22:25:39] code 404, message File not found
::1 - - [24/May/2026 22:25:39] "GET /api/market/regime HTTP/1.1" 404 -
::1 - - [24/May/2026 22:30:56] code 404, message File not found
::1 - - [24/May/2026 22:30:56] "GET /api/market/regime HTTP/1.1" 404 -
